// Jest Snapshot v1, https://goo.gl/fbAQLP

exports[`<Button /> should render the heading 1`] = `
.c0 {
  display: -webkit-box;
  display: -webkit-flex;
  display: -ms-flexbox;
  display: flex;
  -webkit-box-pack: center;
  -webkit-justify-content: center;
  -ms-flex-pack: center;
  justify-content: center;
  -webkit-align-items: center;
  -webkit-box-align: center;
  -ms-flex-align: center;
  align-items: center;
  border: 1px solid #6be7fe;
  border-radius: 0.5rem;
  padding: 1rem 0.5rem;
  outline: none;
  background-color: #6be7fe;
  color: #FAFAFA;
  font-size: 1.625rem;
  font-weight: 600;
  cursor: pointer;
  -webkit-transition: all 0.3s;
  transition: all 0.3s;
}

.c0:hover {
  background-color: #1fdbfd;
}

.c0:active {
  background-color: #01aecf;
}

.c0:focus {
  border: 1px solid #26AD9E;
}

.c0:disabled {
  background-color: #b7f3ff;
  cursor: default;
  pointer-events: none;
}

<button
  class="c0"
/>
`
