// Jest Snapshot v1, https://goo.gl/fbAQLP

exports[`<ConfirmModal /> should render the heading 1`] = `
.c5 {
  display: -webkit-box;
  display: -webkit-flex;
  display: -ms-flexbox;
  display: flex;
  -webkit-box-pack: center;
  -webkit-justify-content: center;
  -ms-flex-pack: center;
  justify-content: center;
  -webkit-align-items: center;
  -webkit-box-align: center;
  -ms-flex-align: center;
  align-items: center;
  border: none;
  border-radius: 0.5rem;
  padding: 1rem 0.5rem;
  outline: none;
  background-color: #6be7fe;
  color: #FAFAFA;
  font-size: 1.625rem;
  font-weight: 600;
  cursor: pointer;
  -webkit-transition: all 0.3s;
  transition: all 0.3s;
}

.c5:hover {
  background-color: #1fdbfd;
}

.c5:active {
  background-color: #01aecf;
}

.c5:disabled {
  background-color: #b7f3ff;
  cursor: default;
  pointer-events: none;
}

.c0 {
  position: fixed;
  top: 0;
  left: 0;
  width: 100%;
  height: 100vh;
  background-color: rgba(0,0,0,0.3);
  display: none;
}

.c1 {
  display: -webkit-box;
  display: -webkit-flex;
  display: -ms-flexbox;
  display: flex;
  -webkit-flex-direction: column;
  -ms-flex-direction: column;
  flex-direction: column;
  -webkit-align-items: center;
  -webkit-box-align: center;
  -ms-flex-align: center;
  align-items: center;
  position: absolute;
  bottom: 0;
  border-top-left-radius: 1.5rem;
  border-top-right-radius: 1.5rem;
  background-color: #FAFAFA;
  width: 100%;
  min-height: 15rem;
  box-shadow: 2px 4px 5px rgba(0,0,0,0.4);
}

.c2 {
  margin-top: 5rem;
  font-size: 1.8rem;
}

.c3 {
  -webkit-flex: 1;
  -ms-flex: 1;
  flex: 1;
  display: -webkit-box;
  display: -webkit-flex;
  display: -ms-flexbox;
  display: flex;
  -webkit-box-pack: center;
  -webkit-justify-content: center;
  -ms-flex-pack: center;
  justify-content: center;
  padding: 2rem;
  position: absolute;
  bottom: 0;
}

.c3 .c4 {
  width: 10rem;
}

.c3 .c4 + .c4 {
  margin-left: 1rem;
}

@media (min-width:768px) {
  .c1 {
    position: relative;
    border-radius: 0.4rem;
    max-width: 50rem;
  }
}

<div
  class="c0"
>
  <div
    class="c1"
  >
    <p
      class="c2"
    />
    <div
      class="c3"
    >
      <button
        class="c4 c5"
      >
        Yes
      </button>
      <button
        class="c4 c5"
      >
        No
      </button>
    </div>
  </div>
</div>
`
